// Jest Snapshot v1, https://goo.gl/fbAQLP

exports[`HTMLContent should render component 1`] = `
<div>
  <div
    class="mui-style-1upwm2o-HTMLContent"
  >
    

    <p>
      This month we are pleased to share improvements to the usability of the search results page. Plus, we release our data use register widget.
    </p>
    

  </div>
</div>
`;
