// Jest Snapshot v1, https://goo.gl/fbAQLP

exports[`AccountNav should render component 1`] = `
<div>
  <input
    type="button"
    value="open nav"
  />
</div>
`;
