// Jest Snapshot v1, https://goo.gl/fbAQLP

exports[`CharacterLimit should render remaining count 1`] = `
<p
  class="MuiTypography-root MuiTypography-body1 mui-style-1xmlynk-MuiTypography-root"
>
  (
  76
  /
  100
  )
</p>
`;
