// Jest Snapshot v1, https://goo.gl/fbAQLP

exports[`Head should render component 1`] = `<div />`;
