// Jest Snapshot v1, https://goo.gl/fbAQLP

exports[`Loading should render component 1`] = `
<div>
  <div>
    loading...
  </div>
</div>
`;
