// Jest Snapshot v1, https://goo.gl/fbAQLP

exports[`ModalButtons should render basic modal buttons 1`] = `
<div>
  <button
    class="MuiButtonBase-root MuiButton-root MuiButton-outlined MuiButton-outlinedSecondary MuiButton-sizeMedium MuiButton-outlinedSizeMedium MuiButton-root MuiButton-outlined MuiButton-outlinedSecondary MuiButton-sizeMedium MuiButton-outlinedSizeMedium mui-style-15l9l0w-MuiButtonBase-root-MuiButton-root"
    tabindex="0"
    type="button"
  >
    Cancel
    <span
      class="MuiTouchRipple-root mui-style-8je8zh-MuiTouchRipple-root"
    />
  </button>
  <button
    class="MuiButtonBase-root MuiButton-root MuiButton-contained MuiButton-containedPrimary MuiButton-sizeMedium MuiButton-containedSizeMedium MuiButton-root MuiButton-contained MuiButton-containedPrimary MuiButton-sizeMedium MuiButton-containedSizeMedium mui-style-sfwpz-MuiButtonBase-root-MuiButton-root"
    tabindex="0"
    type="button"
  >
    Confirm
    <span
      class="MuiTouchRipple-root mui-style-8je8zh-MuiTouchRipple-root"
    />
  </button>
</div>
`;
