// Jest Snapshot v1, https://goo.gl/fbAQLP

exports[`Label should render asterick 1`] = `
<div>
  <p
    class="MuiTypography-root MuiTypography-body2 mui-style-1oq1ozu-MuiTypography-root-Label"
  >
    <label>
      This is a label
    </label>
  </p>
</div>
`;
