// Jest Snapshot v1, https://goo.gl/fbAQLP

exports[`ShowMore should render component 1`] = `
<div>
  <div>
    <div
      style="overflow-y: hidden; max-height: 24px;"
    >
      Vestibulum ultrices purus sit amet cursus gravida. Proin maximus porttitor dui, sed lobortis libero ultrices vitae. In a sem at erat venenatis rhoncus. Morbi at diam sed risus commodo tempus nec ac ligula. Curabitur arcu velit, volutpat in risus sed, suscipit commodo nulla. Aenean luctus feugiat eros at laoreet. Fusce rhoncus augue nec tellus ultrices, et tempor sapien sollicitudin.Vestibulum ultrices purus sit amet cursus gravida. Proin maximus porttitor dui, sed lobortis libero ultrices vitae. In a sem at erat venenatis rhoncus. Morbi at diam sed risus commodo tempus nec ac ligula. Curabitur arcu velit, volutpat in risus sed, suscipit commodo nulla. Aenean luctus feugiat eros at laoreet. Fusce rhoncus augue nec tellus ultrices, et tempor sapien sollicitudin.Vestibulum ultrices purus sit amet cursus gravida. Proin maximus porttitor dui, sed lobortis libero ultrices vitae. In a sem at erat venenatis rhoncus. Morbi at diam sed risus commodo tempus nec ac ligula. Curabitur arcu velit, volutpat in risus sed, suscipit commodo nulla. Aenean luctus feugiat eros at laoreet. Fusce rhoncus augue nec tellus ultrices, et tempor sapien sollicitudin.Vestibulum ultrices purus sit amet cursus gravida. Proin maximus porttitor dui, sed lobortis libero ultrices vitae. In a sem at erat venenatis rhoncus. Morbi at diam sed risus commodo tempus nec ac ligula. Curabitur arcu velit, volutpat in risus sed, suscipit commodo nulla. Aenean luctus feugiat eros at laoreet. Fusce rhoncus augue nec tellus ultrices, et tempor sapien sollicitudin.Vestibulum ultrices purus sit amet cursus gravida. Proin maximus porttitor dui, sed lobortis libero ultrices vitae. In a sem at erat venenatis rhoncus. Morbi at diam sed risus commodo tempus nec ac ligula. Curabitur arcu velit, volutpat in risus sed, suscipit commodo nulla. Aenean luctus feugiat eros at laoreet. Fusce rhoncus augue nec tellus ultrices, et tempor sapien sollicitudin.Vestibulum ultrices purus sit amet cursus gravida. Proin maximus porttitor dui, sed lobortis libero ultrices vitae. In a sem at erat venenatis rhoncus. Morbi at diam sed risus commodo tempus nec ac ligula. Curabitur arcu velit, volutpat in risus sed, suscipit commodo nulla. Aenean luctus feugiat eros at laoreet. Fusce rhoncus augue nec tellus ultrices, et tempor sapien sollicitudin.
    </div>
    <div
      style="display: none;"
    >
      Vestibulum ultrices purus sit amet cursus gravida. Proin maximus porttitor dui, sed lobortis libero ultrices vitae. In a sem at erat venenatis rhoncus. Morbi at diam sed risus commodo tempus nec ac ligula. Curabitur arcu velit, volutpat in risus sed, suscipit commodo nulla. Aenean luctus feugiat eros at laoreet. Fusce rhoncus augue nec tellus ultrices, et tempor sapien sollicitudin.Vestibulum ultrices purus sit amet cursus gravida. Proin maximus porttitor dui, sed lobortis libero ultrices vitae. In a sem at erat venenatis rhoncus. Morbi at diam sed risus commodo tempus nec ac ligula. Curabitur arcu velit, volutpat in risus sed, suscipit commodo nulla. Aenean luctus feugiat eros at laoreet. Fusce rhoncus augue nec tellus ultrices, et tempor sapien sollicitudin.Vestibulum ultrices purus sit amet cursus gravida. Proin maximus porttitor dui, sed lobortis libero ultrices vitae. In a sem at erat venenatis rhoncus. Morbi at diam sed risus commodo tempus nec ac ligula. Curabitur arcu velit, volutpat in risus sed, suscipit commodo nulla. Aenean luctus feugiat eros at laoreet. Fusce rhoncus augue nec tellus ultrices, et tempor sapien sollicitudin.Vestibulum ultrices purus sit amet cursus gravida. Proin maximus porttitor dui, sed lobortis libero ultrices vitae. In a sem at erat venenatis rhoncus. Morbi at diam sed risus commodo tempus nec ac ligula. Curabitur arcu velit, volutpat in risus sed, suscipit commodo nulla. Aenean luctus feugiat eros at laoreet. Fusce rhoncus augue nec tellus ultrices, et tempor sapien sollicitudin.Vestibulum ultrices purus sit amet cursus gravida. Proin maximus porttitor dui, sed lobortis libero ultrices vitae. In a sem at erat venenatis rhoncus. Morbi at diam sed risus commodo tempus nec ac ligula. Curabitur arcu velit, volutpat in risus sed, suscipit commodo nulla. Aenean luctus feugiat eros at laoreet. Fusce rhoncus augue nec tellus ultrices, et tempor sapien sollicitudin.Vestibulum ultrices purus sit amet cursus gravida. Proin maximus porttitor dui, sed lobortis libero ultrices vitae. In a sem at erat venenatis rhoncus. Morbi at diam sed risus commodo tempus nec ac ligula. Curabitur arcu velit, volutpat in risus sed, suscipit commodo nulla. Aenean luctus feugiat eros at laoreet. Fusce rhoncus augue nec tellus ultrices, et tempor sapien sollicitudin.
    </div>
  </div>
</div>
`;
