// Jest Snapshot v1, https://goo.gl/fbAQLP

exports[`BarSlider should render component 1`] = `
<div>
  <div
    style="height: 130px; margin-bottom: -13px;"
  >
    <div
      style="width: 100%; height: 100%;"
    />
  </div>
  <span
    class="MuiSlider-root MuiSlider-colorPrimary MuiSlider-sizeSmall mui-style-18hov5u-MuiSlider-root"
  >
    <span
      class="MuiSlider-rail mui-style-14pt78w-MuiSlider-rail"
    />
    <span
      class="MuiSlider-track mui-style-1n40zqk-MuiSlider-track"
      style="left: 0%; width: 100%;"
    />
    <span
      class="MuiSlider-mark MuiSlider-markActive mui-style-6cwnna-MuiSlider-mark"
      data-index="0"
      style="left: 0%;"
    />
    <span
      class="MuiSlider-thumb MuiSlider-thumbSizeSmall MuiSlider-thumbColorPrimary MuiSlider-thumb MuiSlider-thumbSizeSmall MuiSlider-thumbColorPrimary mui-style-1s92h5p-MuiSlider-thumb"
      data-index="0"
      style="left: 0%;"
    >
      <input
        aria-label="Dataset Population"
        aria-orientation="horizontal"
        aria-valuemax="10"
        aria-valuemin="0"
        aria-valuenow="0"
        aria-valuetext="0°C"
        data-index="0"
        max="10"
        min="0"
        step="1000"
        style="border: 0px; height: 100%; margin: -1px; overflow: hidden; padding: 0px; position: absolute; white-space: nowrap; width: 100%; direction: ltr;"
        type="range"
        value="0"
      />
      <span
        aria-hidden="true"
        class="MuiSlider-valueLabel mui-style-ytpj86-MuiSlider-valueLabel"
      >
        <span
          class="MuiSlider-valueLabelCircle"
        >
          <span
            class="MuiSlider-valueLabelLabel"
          >
            1
          </span>
        </span>
      </span>
    </span>
    <span
      class="MuiSlider-thumb MuiSlider-thumbSizeSmall MuiSlider-thumbColorPrimary MuiSlider-thumb MuiSlider-thumbSizeSmall MuiSlider-thumbColorPrimary mui-style-1s92h5p-MuiSlider-thumb"
      data-index="1"
      style="left: 100%;"
    >
      <input
        aria-label="Dataset Population"
        aria-orientation="horizontal"
        aria-valuemax="10"
        aria-valuemin="0"
        aria-valuenow="10"
        aria-valuetext="10°C"
        data-index="1"
        max="10"
        min="0"
        step="1000"
        style="border: 0px; height: 100%; margin: -1px; overflow: hidden; padding: 0px; position: absolute; white-space: nowrap; width: 100%; direction: ltr;"
        type="range"
        value="10"
      />
      <span
        aria-hidden="true"
        class="MuiSlider-valueLabel mui-style-ytpj86-MuiSlider-valueLabel"
      >
        <span
          class="MuiSlider-valueLabelCircle"
        >
          <span
            class="MuiSlider-valueLabelLabel"
          >
            10000
          </span>
        </span>
      </span>
    </span>
  </span>
</div>
`;
