// Jest Snapshot v1, https://goo.gl/fbAQLP

exports[`FlashyText should render component 1`] = `
<div>
  <div
    class="mui-style-183wgoj"
  >
    <p
      class="MuiTypography-root MuiTypography-body1 mui-style-w42wrj-MuiTypography-root"
    >
      Cras ut sem eu ligula tincidunt aliquet.
    </p>
    <svg
      aria-hidden="true"
      class="MuiSvgIcon-root MuiSvgIcon-fontSizeMedium mui-style-q9ra1i-MuiSvgIcon-root"
      data-testid="KeyboardDoubleArrowDownIcon"
      focusable="false"
      viewBox="0 0 24 24"
    >
      <path
        d="M18 6.41 16.59 5 12 9.58 7.41 5 6 6.41l6 6z"
      />
      <path
        d="m18 13-1.41-1.41L12 16.17l-4.59-4.58L6 13l6 6z"
      />
    </svg>
  </div>
</div>
`;
