// Jest Snapshot v1, https://goo.gl/fbAQLP

exports[`Pagination renders without crashing 1`] = `
<div>
  <div
    class="MuiBox-root mui-style-1r2sw3a"
  >
    <nav
      aria-label="pagination navigation"
      class="MuiPagination-root MuiPagination-outlined mui-style-1oj2twp-MuiPagination-root"
    >
      <ul
        class="MuiPagination-ul mui-style-wjh20t-MuiPagination-ul"
      >
        <li>
          <button
            aria-label="Go to previous page"
            class="MuiButtonBase-root Mui-disabled MuiPaginationItem-root MuiPaginationItem-sizeMedium MuiPaginationItem-outlined MuiPaginationItem-rounded Mui-disabled MuiPaginationItem-previousNext mui-style-18irgz1-MuiButtonBase-root-MuiPaginationItem-root"
            data-testid="pagination-item"
            disabled=""
            tabindex="-1"
            type="button"
          >
            <svg
              aria-hidden="true"
              class="MuiSvgIcon-root MuiSvgIcon-fontSizeMedium MuiPaginationItem-icon mui-style-g2z002-MuiSvgIcon-root-MuiPaginationItem-icon"
              data-testid="ArrowLeftIcon"
              focusable="false"
              viewBox="0 0 24 24"
            >
              <path
                d="m14 7-5 5 5 5V7z"
              />
            </svg>
          </button>
        </li>
        <li>
          <button
            aria-current="true"
            aria-label="page 1"
            class="MuiButtonBase-root MuiPaginationItem-root MuiPaginationItem-sizeMedium MuiPaginationItem-outlined MuiPaginationItem-rounded Mui-selected MuiPaginationItem-page mui-style-18irgz1-MuiButtonBase-root-MuiPaginationItem-root"
            data-testid="pagination-item"
            tabindex="0"
            type="button"
          >
            1
          </button>
        </li>
        <li>
          <button
            aria-label="Go to page 2"
            class="MuiButtonBase-root MuiPaginationItem-root MuiPaginationItem-sizeMedium MuiPaginationItem-outlined MuiPaginationItem-rounded MuiPaginationItem-page mui-style-18irgz1-MuiButtonBase-root-MuiPaginationItem-root"
            data-testid="pagination-item"
            tabindex="0"
            type="button"
          >
            2
          </button>
        </li>
        <li>
          <button
            aria-label="Go to page 3"
            class="MuiButtonBase-root MuiPaginationItem-root MuiPaginationItem-sizeMedium MuiPaginationItem-outlined MuiPaginationItem-rounded MuiPaginationItem-page mui-style-18irgz1-MuiButtonBase-root-MuiPaginationItem-root"
            data-testid="pagination-item"
            tabindex="0"
            type="button"
          >
            3
          </button>
        </li>
        <li>
          <button
            aria-label="Go to page 4"
            class="MuiButtonBase-root MuiPaginationItem-root MuiPaginationItem-sizeMedium MuiPaginationItem-outlined MuiPaginationItem-rounded MuiPaginationItem-page mui-style-18irgz1-MuiButtonBase-root-MuiPaginationItem-root"
            data-testid="pagination-item"
            tabindex="0"
            type="button"
          >
            4
          </button>
        </li>
        <li>
          <button
            aria-label="Go to page 5"
            class="MuiButtonBase-root MuiPaginationItem-root MuiPaginationItem-sizeMedium MuiPaginationItem-outlined MuiPaginationItem-rounded MuiPaginationItem-page mui-style-18irgz1-MuiButtonBase-root-MuiPaginationItem-root"
            data-testid="pagination-item"
            tabindex="0"
            type="button"
          >
            5
          </button>
        </li>
        <li>
          <div
            class="MuiPaginationItem-root MuiPaginationItem-sizeMedium MuiPaginationItem-outlined MuiPaginationItem-rounded MuiPaginationItem-ellipsis mui-style-11qesrg-MuiPaginationItem-root"
          >
            …
          </div>
        </li>
        <li>
          <button
            aria-label="Go to page 10"
            class="MuiButtonBase-root MuiPaginationItem-root MuiPaginationItem-sizeMedium MuiPaginationItem-outlined MuiPaginationItem-rounded MuiPaginationItem-page mui-style-18irgz1-MuiButtonBase-root-MuiPaginationItem-root"
            data-testid="pagination-item"
            tabindex="0"
            type="button"
          >
            10
          </button>
        </li>
        <li>
          <button
            aria-label="Go to next page"
            class="MuiButtonBase-root MuiPaginationItem-root MuiPaginationItem-sizeMedium MuiPaginationItem-outlined MuiPaginationItem-rounded MuiPaginationItem-previousNext mui-style-18irgz1-MuiButtonBase-root-MuiPaginationItem-root"
            data-testid="pagination-item"
            tabindex="0"
            type="button"
          >
            <svg
              aria-hidden="true"
              class="MuiSvgIcon-root MuiSvgIcon-fontSizeMedium MuiPaginationItem-icon mui-style-g2z002-MuiSvgIcon-root-MuiPaginationItem-icon"
              data-testid="ArrowRightIcon"
              focusable="false"
              viewBox="0 0 24 24"
            >
              <path
                d="m10 17 5-5-5-5v10z"
              />
            </svg>
          </button>
        </li>
      </ul>
    </nav>
  </div>
</div>
`;

exports[`Pagination should return empty div if still loading 1`] = `
<div>
  <div
    class="MuiBox-root mui-style-1r2sw3a"
  >
    <nav
      aria-label="pagination navigation"
      class="MuiPagination-root MuiPagination-outlined mui-style-1oj2twp-MuiPagination-root"
    >
      <ul
        class="MuiPagination-ul mui-style-wjh20t-MuiPagination-ul"
      >
        <li>
          <button
            aria-label="Go to previous page"
            class="MuiButtonBase-root Mui-disabled MuiPaginationItem-root MuiPaginationItem-sizeMedium MuiPaginationItem-outlined MuiPaginationItem-rounded Mui-disabled MuiPaginationItem-previousNext mui-style-18irgz1-MuiButtonBase-root-MuiPaginationItem-root"
            data-testid="pagination-item"
            disabled=""
            tabindex="-1"
            type="button"
          >
            <svg
              aria-hidden="true"
              class="MuiSvgIcon-root MuiSvgIcon-fontSizeMedium MuiPaginationItem-icon mui-style-g2z002-MuiSvgIcon-root-MuiPaginationItem-icon"
              data-testid="ArrowLeftIcon"
              focusable="false"
              viewBox="0 0 24 24"
            >
              <path
                d="m14 7-5 5 5 5V7z"
              />
            </svg>
          </button>
        </li>
        <li>
          <button
            aria-current="true"
            aria-label="page 1"
            class="MuiButtonBase-root Mui-disabled MuiPaginationItem-root MuiPaginationItem-sizeMedium MuiPaginationItem-outlined MuiPaginationItem-rounded Mui-disabled Mui-selected MuiPaginationItem-page mui-style-18irgz1-MuiButtonBase-root-MuiPaginationItem-root"
            data-testid="pagination-item"
            disabled=""
            tabindex="-1"
            type="button"
          >
            1
          </button>
        </li>
        <li>
          <button
            aria-label="Go to page 2"
            class="MuiButtonBase-root Mui-disabled MuiPaginationItem-root MuiPaginationItem-sizeMedium MuiPaginationItem-outlined MuiPaginationItem-rounded Mui-disabled MuiPaginationItem-page mui-style-18irgz1-MuiButtonBase-root-MuiPaginationItem-root"
            data-testid="pagination-item"
            disabled=""
            tabindex="-1"
            type="button"
          >
            2
          </button>
        </li>
        <li>
          <button
            aria-label="Go to page 3"
            class="MuiButtonBase-root Mui-disabled MuiPaginationItem-root MuiPaginationItem-sizeMedium MuiPaginationItem-outlined MuiPaginationItem-rounded Mui-disabled MuiPaginationItem-page mui-style-18irgz1-MuiButtonBase-root-MuiPaginationItem-root"
            data-testid="pagination-item"
            disabled=""
            tabindex="-1"
            type="button"
          >
            3
          </button>
        </li>
        <li>
          <button
            aria-label="Go to page 4"
            class="MuiButtonBase-root Mui-disabled MuiPaginationItem-root MuiPaginationItem-sizeMedium MuiPaginationItem-outlined MuiPaginationItem-rounded Mui-disabled MuiPaginationItem-page mui-style-18irgz1-MuiButtonBase-root-MuiPaginationItem-root"
            data-testid="pagination-item"
            disabled=""
            tabindex="-1"
            type="button"
          >
            4
          </button>
        </li>
        <li>
          <button
            aria-label="Go to page 5"
            class="MuiButtonBase-root Mui-disabled MuiPaginationItem-root MuiPaginationItem-sizeMedium MuiPaginationItem-outlined MuiPaginationItem-rounded Mui-disabled MuiPaginationItem-page mui-style-18irgz1-MuiButtonBase-root-MuiPaginationItem-root"
            data-testid="pagination-item"
            disabled=""
            tabindex="-1"
            type="button"
          >
            5
          </button>
        </li>
        <li>
          <div
            class="MuiPaginationItem-root MuiPaginationItem-sizeMedium MuiPaginationItem-outlined MuiPaginationItem-rounded Mui-disabled MuiPaginationItem-ellipsis mui-style-11qesrg-MuiPaginationItem-root"
          >
            …
          </div>
        </li>
        <li>
          <button
            aria-label="Go to page 10"
            class="MuiButtonBase-root Mui-disabled MuiPaginationItem-root MuiPaginationItem-sizeMedium MuiPaginationItem-outlined MuiPaginationItem-rounded Mui-disabled MuiPaginationItem-page mui-style-18irgz1-MuiButtonBase-root-MuiPaginationItem-root"
            data-testid="pagination-item"
            disabled=""
            tabindex="-1"
            type="button"
          >
            10
          </button>
        </li>
        <li>
          <button
            aria-label="Go to next page"
            class="MuiButtonBase-root Mui-disabled MuiPaginationItem-root MuiPaginationItem-sizeMedium MuiPaginationItem-outlined MuiPaginationItem-rounded Mui-disabled MuiPaginationItem-previousNext mui-style-18irgz1-MuiButtonBase-root-MuiPaginationItem-root"
            data-testid="pagination-item"
            disabled=""
            tabindex="-1"
            type="button"
          >
            <svg
              aria-hidden="true"
              class="MuiSvgIcon-root MuiSvgIcon-fontSizeMedium MuiPaginationItem-icon mui-style-g2z002-MuiSvgIcon-root-MuiPaginationItem-icon"
              data-testid="ArrowRightIcon"
              focusable="false"
              viewBox="0 0 24 24"
            >
              <path
                d="m10 17 5-5-5-5v10z"
              />
            </svg>
          </button>
        </li>
      </ul>
    </nav>
  </div>
</div>
`;
