// Jest Snapshot v1, https://goo.gl/fbAQLP

exports[`ProtectedRoute should render component 1`] = `
<div>
  <div
    style="border: 2px solid #ff3030; padding: 40px;"
  >
    <h1>
      ProtectedRoute.title
    </h1>
    <p>
      ProtectedRoute.text
    </p>
  </div>
</div>
`;
