// Jest Snapshot v1, https://goo.gl/fbAQLP

exports[`Loading should render component 1`] = `
<div>
  <div
    class="MuiBox-root mui-style-1c3tbzi"
  >
    <span
      aria-label="Loading"
      aria-live="polite"
      class="MuiCircularProgress-root MuiCircularProgress-indeterminate MuiCircularProgress-colorSecondary mui-style-waivou-MuiCircularProgress-root"
      role="status"
      style="width: 48px; height: 48px;"
    >
      <svg
        class="MuiCircularProgress-svg mui-style-1idz92c-MuiCircularProgress-svg"
        viewBox="22 22 44 44"
      >
        <circle
          class="MuiCircularProgress-circle MuiCircularProgress-circleIndeterminate mui-style-176wh8e-MuiCircularProgress-circle"
          cx="44"
          cy="44"
          fill="none"
          r="20.2"
          stroke-width="3.6"
        />
      </svg>
    </span>
  </div>
</div>
`;
